108.240.134.190 - - [24/Mar/2013:01:22:44 +0000] "GET / HTTP/1.1" 403 523 "-" "Mozilla/5.0 (Macintosh; Intel Mac OS X 10_8_3) AppleWebKit/537.22 (KHTML, like Gecko) Chrome/25.0.1364.172 Safari/537.22"
108.240.134.190 - - [24/Mar/2013:01:22:44 +0000] "GET /favicon.ico HTTP/1.1" 404 527 "-" "Mozilla/5.0 (Macintosh; Intel Mac OS X 10_8_3) AppleWebKit/537.22 (KHTML, like Gecko) Chrome/25.0.1364.172 Safari/537.22"
108.240.134.190 - - [24/Mar/2013:01:24:28 +0000] "GET / HTTP/1.1" 200 382 "-" "Mozilla/5.0 (Macintosh; Intel Mac OS X 10_8_3) AppleWebKit/537.22 (KHTML, like Gecko) Chrome/25.0.1364.172 Safari/537.22"
108.240.134.190 - - [24/Mar/2013:01:24:28 +0000] "GET /favicon.ico HTTP/1.1" 404 527 "-" "Mozilla/5.0 (Macintosh; Intel Mac OS X 10_8_3) AppleWebKit/537.22 (KHTML, like Gecko) Chrome/25.0.1364.172 Safari/537.22"
166.137.208.28 - - [24/Mar/2013:01:25:50 +0000] "GET / HTTP/1.1" 200 326 "-" "Mozilla/5.0 (iPhone; CPU iPhone OS 6_0_2 like Mac OS X) AppleWebKit/536.26 (KHTML, like Gecko) Version/6.0 Mobile/10A551 Safari/8536.25"
166.137.208.28 - - [24/Mar/2013:01:26:05 +0000] "GET / HTTP/1.1" 200 326 "-" "Mozilla/5.0 (iPhone; CPU iPhone OS 6_0_2 like Mac OS X) AppleWebKit/536.26 (KHTML, like Gecko) Version/6.0 Mobile/10A551 Safari/8536.25"
108.240.134.190 - - [24/Mar/2013:01:26:26 +0000] "GET / HTTP/1.1" 200 382 "-" "Mozilla/5.0 (Macintosh; Intel Mac OS X 10.8; rv:19.0) Gecko/20100101 Firefox/19.0"
108.240.134.190 - - [24/Mar/2013:01:26:26 +0000] "GET /favicon.ico HTTP/1.1" 404 527 "-" "Mozilla/5.0 (Macintosh; Intel Mac OS X 10.8; rv:19.0) Gecko/20100101 Firefox/19.0"
108.240.134.190 - - [24/Mar/2013:01:26:26 +0000] "GET /favicon.ico HTTP/1.1" 404 527 "-" "Mozilla/5.0 (Macintosh; Intel Mac OS X 10.8; rv:19.0) Gecko/20100101 Firefox/19.0"
166.137.208.28 - - [24/Mar/2013:01:27:49 +0000] "GET / HTTP/1.1" 200 326 "-" "Mozilla/5.0 (iPhone; CPU iPhone OS 6_0_2 like Mac OS X) AppleWebKit/536.26 (KHTML, like Gecko) Version/6.0 Mobile/10A551 Safari/8536.25"
108.240.134.190 - - [24/Mar/2013:01:28:06 +0000] "GET / HTTP/1.1" 304 209 "-" "Mozilla/5.0 (Macintosh; Intel Mac OS X 10.8; rv:19.0) Gecko/20100101 Firefox/19.0"
5.39.60.237 - - [24/Mar/2013:15:48:36 +0000] "GET /w00tw00t.at.ISC.SANS.DFind:) HTTP/1.1" 400 538 "-" "-"
116.125.127.151 - - [25/Mar/2013:10:45:39 +0000] "HEAD / HTTP/1.0" 200 275 "-" "-"
50.62.82.80 - - [25/Mar/2013:13:34:20 +0000] "GET /w00tw00t.at.ISC.SANS.Win32:) HTTP/1.1" 400 538 "-" "-"
127.0.0.1 - - [25/Mar/2013:18:52:14 +0000] "OPTIONS * HTTP/1.0" 200 126 "-" "Apache/2.2.22 (Ubuntu) (internal dummy connection)"
127.0.0.1 - - [25/Mar/2013:18:52:14 +0000] "OPTIONS * HTTP/1.0" 200 126 "-" "Apache/2.2.22 (Ubuntu) (internal dummy connection)"
127.0.0.1 - - [25/Mar/2013:18:52:14 +0000] "OPTIONS * HTTP/1.0" 200 126 "-" "Apache/2.2.22 (Ubuntu) (internal dummy connection)"
127.0.0.1 - - [25/Mar/2013:18:52:14 +0000] "OPTIONS * HTTP/1.0" 200 126 "-" "Apache/2.2.22 (Ubuntu) (internal dummy connection)"
127.0.0.1 - - [25/Mar/2013:18:52:14 +0000] "OPTIONS * HTTP/1.0" 200 126 "-" "Apache/2.2.22 (Ubuntu) (internal dummy connection)"
127.0.0.1 - - [25/Mar/2013:18:52:14 +0000] "OPTIONS * HTTP/1.0" 200 126 "-" "Apache/2.2.22 (Ubuntu) (internal dummy connection)"
127.0.0.1 - - [25/Mar/2013:18:52:14 +0000] "OPTIONS * HTTP/1.0" 200 126 "-" "Apache/2.2.22 (Ubuntu) (internal dummy connection)"
127.0.0.1 - - [25/Mar/2013:18:52:14 +0000] "OPTIONS * HTTP/1.0" 200 126 "-" "Apache/2.2.22 (Ubuntu) (internal dummy connection)"
127.0.0.1 - - [25/Mar/2013:18:52:17 +0000] "OPTIONS * HTTP/1.0" 200 126 "-" "Apache/2.2.22 (Ubuntu) (internal dummy connection)"
127.0.0.1 - - [25/Mar/2013:18:52:17 +0000] "OPTIONS * HTTP/1.0" 200 126 "-" "Apache/2.2.22 (Ubuntu) (internal dummy connection)"
127.0.0.1 - - [25/Mar/2013:18:52:17 +0000] "OPTIONS * HTTP/1.0" 200 126 "-" "Apache/2.2.22 (Ubuntu) (internal dummy connection)"
127.0.0.1 - - [25/Mar/2013:18:52:17 +0000] "OPTIONS * HTTP/1.0" 200 126 "-" "Apache/2.2.22 (Ubuntu) (internal dummy connection)"
127.0.0.1 - - [25/Mar/2013:18:52:17 +0000] "OPTIONS * HTTP/1.0" 200 126 "-" "Apache/2.2.22 (Ubuntu) (internal dummy connection)"
93.174.88.31 - - [25/Mar/2013:21:08:46 +0000] "GET http://gameframe.net/headers HTTP/1.1" 404 441 "-" "Mozilla/5.0 (Windows NT 6.1; WOW64; rv:17.0) Gecko/20100101 Firefox/17.0"
108.240.134.190 - - [25/Mar/2013:21:15:51 +0000] "GET / HTTP/1.1" 200 382 "-" "Mozilla/5.0 (Macintosh; Intel Mac OS X 10.8; rv:19.0) Gecko/20100101 Firefox/19.0"
108.240.134.190 - - [25/Mar/2013:21:18:09 +0000] "GET /test.php HTTP/1.1" 200 311 "-" "Mozilla/5.0 (Macintosh; Intel Mac OS X 10.8; rv:19.0) Gecko/20100101 Firefox/19.0"
142.129.235.140 - - [25/Mar/2013:21:18:44 +0000] "GET /test.php HTTP/1.1" 200 311 "-" "Mozilla/5.0 (Windows NT 6.1; WOW64) AppleWebKit/537.22 (KHTML, like Gecko) Chrome/25.0.1364.172 Safari/537.22"
142.129.235.140 - - [25/Mar/2013:21:18:45 +0000] "GET /favicon.ico HTTP/1.1" 404 527 "-" "Mozilla/5.0 (Windows NT 6.1; WOW64) AppleWebKit/537.22 (KHTML, like Gecko) Chrome/25.0.1364.172 Safari/537.22"
108.240.134.190 - - [25/Mar/2013:21:19:50 +0000] "GET /test.php HTTP/1.1" 404 525 "-" "Mozilla/5.0 (Macintosh; Intel Mac OS X 10.8; rv:19.0) Gecko/20100101 Firefox/19.0"
108.240.134.190 - - [25/Mar/2013:21:41:28 +0000] "GET / HTTP/1.1" 304 209 "-" "Mozilla/5.0 (Macintosh; Intel Mac OS X 10.8; rv:19.0) Gecko/20100101 Firefox/19.0"
108.240.134.190 - - [25/Mar/2013:22:04:38 +0000] "GET /favicon.ico HTTP/1.1" 404 528 "-" "Mozilla/5.0 (Macintosh; Intel Mac OS X 10.8; rv:19.0) Gecko/20100101 Firefox/19.0"
108.240.134.190 - - [25/Mar/2013:22:05:31 +0000] "GET /logs/error.log HTTP/1.1" 200 1827 "-" "Mozilla/5.0 (Macintosh; Intel Mac OS X 10.8; rv:19.0) Gecko/20100101 Firefox/19.0"
108.240.134.190 - - [25/Mar/2013:22:05:41 +0000] "GET /logs/access.log HTTP/1.1" 200 5971 "-" "Mozilla/5.0 (Macintosh; Intel Mac OS X 10.8; rv:19.0) Gecko/20100101 Firefox/19.0"
108.240.134.190 - - [25/Mar/2013:22:10:24 +0000] "GET /logs/access.log HTTP/1.1" 200 6149 "-" "Mozilla/5.0 (Macintosh; Intel Mac OS X 10.8; rv:19.0) Gecko/20100101 Firefox/19.0"
108.240.134.190 - - [25/Mar/2013:22:10:33 +0000] "GET / HTTP/1.1" 200 2009 "-" "Mozilla/5.0 (Macintosh; Intel Mac OS X 10.8; rv:19.0) Gecko/20100101 Firefox/19.0"
108.240.134.190 - - [25/Mar/2013:22:10:33 +0000] "GET /js/raphael.js HTTP/1.1" 200 31699 "http://ec2-54-244-200-56.us-west-2.compute.amazonaws.com/" "Mozilla/5.0 (Macintosh; Intel Mac OS X 10.8; rv:19.0) Gecko/20100101 Firefox/19.0"
108.240.134.190 - - [25/Mar/2013:22:10:33 +0000] "GET /js/main.js HTTP/1.1" 200 2734 "http://ec2-54-244-200-56.us-west-2.compute.amazonaws.com/" "Mozilla/5.0 (Macintosh; Intel Mac OS X 10.8; rv:19.0) Gecko/20100101 Firefox/19.0"
108.240.134.190 - - [25/Mar/2013:22:10:33 +0000] "GET /css/main.css HTTP/1.1" 200 2279 "http://ec2-54-244-200-56.us-west-2.compute.amazonaws.com/" "Mozilla/5.0 (Macintosh; Intel Mac OS X 10.8; rv:19.0) Gecko/20100101 Firefox/19.0"
108.240.134.190 - - [25/Mar/2013:22:10:34 +0000] "GET /i/top_bar.png HTTP/1.1" 200 1347 "http://ec2-54-244-200-56.us-west-2.compute.amazonaws.com/css/main.css" "Mozilla/5.0 (Macintosh; Intel Mac OS X 10.8; rv:19.0) Gecko/20100101 Firefox/19.0"
108.240.134.190 - - [25/Mar/2013:22:10:34 +0000] "GET /i/wall_of_beer_logo_s.png HTTP/1.1" 200 4578 "http://ec2-54-244-200-56.us-west-2.compute.amazonaws.com/css/main.css" "Mozilla/5.0 (Macintosh; Intel Mac OS X 10.8; rv:19.0) Gecko/20100101 Firefox/19.0"
108.240.134.190 - - [25/Mar/2013:22:10:34 +0000] "GET /i/bg.jpg HTTP/1.1" 200 139207 "http://ec2-54-244-200-56.us-west-2.compute.amazonaws.com/css/main.css" "Mozilla/5.0 (Macintosh; Intel Mac OS X 10.8; rv:19.0) Gecko/20100101 Firefox/19.0"
108.240.134.190 - - [25/Mar/2013:22:10:34 +0000] "GET /i/btn_recent.png HTTP/1.1" 200 3778 "http://ec2-54-244-200-56.us-west-2.compute.amazonaws.com/css/main.css" "Mozilla/5.0 (Macintosh; Intel Mac OS X 10.8; rv:19.0) Gecko/20100101 Firefox/19.0"
108.240.134.190 - - [25/Mar/2013:22:10:34 +0000] "GET /i/btn_rating.png HTTP/1.1" 200 3254 "http://ec2-54-244-200-56.us-west-2.compute.amazonaws.com/css/main.css" "Mozilla/5.0 (Macintosh; Intel Mac OS X 10.8; rv:19.0) Gecko/20100101 Firefox/19.0"
108.240.134.190 - - [25/Mar/2013:22:10:34 +0000] "GET /i/btn_popular.png HTTP/1.1" 200 4090 "http://ec2-54-244-200-56.us-west-2.compute.amazonaws.com/css/main.css" "Mozilla/5.0 (Macintosh; Intel Mac OS X 10.8; rv:19.0) Gecko/20100101 Firefox/19.0"
108.240.134.190 - - [25/Mar/2013:22:10:34 +0000] "GET /i/search_bg.png HTTP/1.1" 200 1992 "http://ec2-54-244-200-56.us-west-2.compute.amazonaws.com/css/main.css" "Mozilla/5.0 (Macintosh; Intel Mac OS X 10.8; rv:19.0) Gecko/20100101 Firefox/19.0"
108.240.134.190 - - [25/Mar/2013:22:10:34 +0000] "GET /i/btn_get_app.png HTTP/1.1" 200 5095 "http://ec2-54-244-200-56.us-west-2.compute.amazonaws.com/css/main.css" "Mozilla/5.0 (Macintosh; Intel Mac OS X 10.8; rv:19.0) Gecko/20100101 Firefox/19.0"
108.240.134.190 - - [25/Mar/2013:22:10:34 +0000] "POST /services.php HTTP/1.1" 500 274 "http://ec2-54-244-200-56.us-west-2.compute.amazonaws.com/" "Mozilla/5.0 (Macintosh; Intel Mac OS X 10.8; rv:19.0) Gecko/20100101 Firefox/19.0"
127.0.0.1 - - [25/Mar/2013:22:10:39 +0000] "OPTIONS * HTTP/1.0" 200 126 "-" "Apache/2.2.22 (Ubuntu) (internal dummy connection)"
127.0.0.1 - - [25/Mar/2013:22:10:40 +0000] "OPTIONS * HTTP/1.0" 200 126 "-" "Apache/2.2.22 (Ubuntu) (internal dummy connection)"
127.0.0.1 - - [25/Mar/2013:22:10:41 +0000] "OPTIONS * HTTP/1.0" 200 126 "-" "Apache/2.2.22 (Ubuntu) (internal dummy connection)"
108.240.134.190 - - [25/Mar/2013:22:10:42 +0000] "POST /services.php HTTP/1.1" 500 274 "http://ec2-54-244-200-56.us-west-2.compute.amazonaws.com/" "Mozilla/5.0 (Macintosh; Intel Mac OS X 10.8; rv:19.0) Gecko/20100101 Firefox/19.0"
108.240.134.190 - - [25/Mar/2013:22:10:45 +0000] "POST /services.php HTTP/1.1" 500 274 "http://ec2-54-244-200-56.us-west-2.compute.amazonaws.com/" "Mozilla/5.0 (Macintosh; Intel Mac OS X 10.8; rv:19.0) Gecko/20100101 Firefox/19.0"
108.240.134.190 - - [25/Mar/2013:22:10:49 +0000] "POST /services.php HTTP/1.1" 500 274 "http://ec2-54-244-200-56.us-west-2.compute.amazonaws.com/" "Mozilla/5.0 (Macintosh; Intel Mac OS X 10.8; rv:19.0) Gecko/20100101 Firefox/19.0"
108.240.134.190 - - [25/Mar/2013:22:10:52 +0000] "POST /services.php HTTP/1.1" 500 274 "http://ec2-54-244-200-56.us-west-2.compute.amazonaws.com/" "Mozilla/5.0 (Macintosh; Intel Mac OS X 10.8; rv:19.0) Gecko/20100101 Firefox/19.0"
108.240.134.190 - - [25/Mar/2013:22:11:09 +0000] "GET / HTTP/1.1" 304 211 "-" "Mozilla/5.0 (Macintosh; Intel Mac OS X 10.8; rv:19.0) Gecko/20100101 Firefox/19.0"
108.240.134.190 - - [25/Mar/2013:22:11:09 +0000] "GET /js/raphael.js HTTP/1.1" 304 211 "http://ec2-54-244-200-56.us-west-2.compute.amazonaws.com/" "Mozilla/5.0 (Macintosh; Intel Mac OS X 10.8; rv:19.0) Gecko/20100101 Firefox/19.0"
108.240.134.190 - - [25/Mar/2013:22:11:09 +0000] "GET /js/main.js HTTP/1.1" 304 211 "http://ec2-54-244-200-56.us-west-2.compute.amazonaws.com/" "Mozilla/5.0 (Macintosh; Intel Mac OS X 10.8; rv:19.0) Gecko/20100101 Firefox/19.0"
108.240.134.190 - - [25/Mar/2013:22:11:09 +0000] "GET /css/main.css HTTP/1.1" 304 210 "http://ec2-54-244-200-56.us-west-2.compute.amazonaws.com/" "Mozilla/5.0 (Macintosh; Intel Mac OS X 10.8; rv:19.0) Gecko/20100101 Firefox/19.0"
108.240.134.190 - - [25/Mar/2013:22:11:10 +0000] "GET /i/bg.jpg HTTP/1.1" 304 189 "http://ec2-54-244-200-56.us-west-2.compute.amazonaws.com/css/main.css" "Mozilla/5.0 (Macintosh; Intel Mac OS X 10.8; rv:19.0) Gecko/20100101 Firefox/19.0"
108.240.134.190 - - [25/Mar/2013:22:11:10 +0000] "GET /i/top_bar.png HTTP/1.1" 304 186 "http://ec2-54-244-200-56.us-west-2.compute.amazonaws.com/css/main.css" "Mozilla/5.0 (Macintosh; Intel Mac OS X 10.8; rv:19.0) Gecko/20100101 Firefox/19.0"
108.240.134.190 - - [25/Mar/2013:22:11:10 +0000] "GET /i/wall_of_beer_logo_s.png HTTP/1.1" 304 187 "http://ec2-54-244-200-56.us-west-2.compute.amazonaws.com/css/main.css" "Mozilla/5.0 (Macintosh; Intel Mac OS X 10.8; rv:19.0) Gecko/20100101 Firefox/19.0"
108.240.134.190 - - [25/Mar/2013:22:11:10 +0000] "GET /i/btn_recent.png HTTP/1.1" 304 186 "http://ec2-54-244-200-56.us-west-2.compute.amazonaws.com/css/main.css" "Mozilla/5.0 (Macintosh; Intel Mac OS X 10.8; rv:19.0) Gecko/20100101 Firefox/19.0"
108.240.134.190 - - [25/Mar/2013:22:11:10 +0000] "GET /i/btn_rating.png HTTP/1.1" 304 186 "http://ec2-54-244-200-56.us-west-2.compute.amazonaws.com/css/main.css" "Mozilla/5.0 (Macintosh; Intel Mac OS X 10.8; rv:19.0) Gecko/20100101 Firefox/19.0"
108.240.134.190 - - [25/Mar/2013:22:11:10 +0000] "GET /i/btn_popular.png HTTP/1.1" 304 187 "http://ec2-54-244-200-56.us-west-2.compute.amazonaws.com/css/main.css" "Mozilla/5.0 (Macintosh; Intel Mac OS X 10.8; rv:19.0) Gecko/20100101 Firefox/19.0"
108.240.134.190 - - [25/Mar/2013:22:11:10 +0000] "GET /i/search_bg.png HTTP/1.1" 304 186 "http://ec2-54-244-200-56.us-west-2.compute.amazonaws.com/css/main.css" "Mozilla/5.0 (Macintosh; Intel Mac OS X 10.8; rv:19.0) Gecko/20100101 Firefox/19.0"
108.240.134.190 - - [25/Mar/2013:22:11:10 +0000] "GET /i/btn_get_app.png HTTP/1.1" 304 188 "http://ec2-54-244-200-56.us-west-2.compute.amazonaws.com/css/main.css" "Mozilla/5.0 (Macintosh; Intel Mac OS X 10.8; rv:19.0) Gecko/20100101 Firefox/19.0"
108.240.134.190 - - [25/Mar/2013:22:11:10 +0000] "POST /services.php HTTP/1.1" 500 274 "http://ec2-54-244-200-56.us-west-2.compute.amazonaws.com/" "Mozilla/5.0 (Macintosh; Intel Mac OS X 10.8; rv:19.0) Gecko/20100101 Firefox/19.0"
108.240.134.190 - - [25/Mar/2013:22:32:42 +0000] "GET / HTTP/1.1" 304 211 "-" "Mozilla/5.0 (Macintosh; Intel Mac OS X 10.8; rv:19.0) Gecko/20100101 Firefox/19.0"
108.240.134.190 - - [25/Mar/2013:22:32:43 +0000] "GET /js/raphael.js HTTP/1.1" 304 211 "http://ec2-54-244-200-56.us-west-2.compute.amazonaws.com/" "Mozilla/5.0 (Macintosh; Intel Mac OS X 10.8; rv:19.0) Gecko/20100101 Firefox/19.0"
108.240.134.190 - - [25/Mar/2013:22:32:43 +0000] "GET /js/main.js HTTP/1.1" 304 210 "http://ec2-54-244-200-56.us-west-2.compute.amazonaws.com/" "Mozilla/5.0 (Macintosh; Intel Mac OS X 10.8; rv:19.0) Gecko/20100101 Firefox/19.0"
108.240.134.190 - - [25/Mar/2013:22:32:43 +0000] "GET /css/main.css HTTP/1.1" 304 211 "http://ec2-54-244-200-56.us-west-2.compute.amazonaws.com/" "Mozilla/5.0 (Macintosh; Intel Mac OS X 10.8; rv:19.0) Gecko/20100101 Firefox/19.0"
108.240.134.190 - - [25/Mar/2013:22:32:43 +0000] "GET /i/bg.jpg HTTP/1.1" 304 189 "http://ec2-54-244-200-56.us-west-2.compute.amazonaws.com/css/main.css" "Mozilla/5.0 (Macintosh; Intel Mac OS X 10.8; rv:19.0) Gecko/20100101 Firefox/19.0"
108.240.134.190 - - [25/Mar/2013:22:32:43 +0000] "GET /i/top_bar.png HTTP/1.1" 304 186 "http://ec2-54-244-200-56.us-west-2.compute.amazonaws.com/css/main.css" "Mozilla/5.0 (Macintosh; Intel Mac OS X 10.8; rv:19.0) Gecko/20100101 Firefox/19.0"
108.240.134.190 - - [25/Mar/2013:22:32:43 +0000] "GET /i/wall_of_beer_logo_s.png HTTP/1.1" 304 187 "http://ec2-54-244-200-56.us-west-2.compute.amazonaws.com/css/main.css" "Mozilla/5.0 (Macintosh; Intel Mac OS X 10.8; rv:19.0) Gecko/20100101 Firefox/19.0"
108.240.134.190 - - [25/Mar/2013:22:32:43 +0000] "GET /i/btn_recent.png HTTP/1.1" 304 186 "http://ec2-54-244-200-56.us-west-2.compute.amazonaws.com/css/main.css" "Mozilla/5.0 (Macintosh; Intel Mac OS X 10.8; rv:19.0) Gecko/20100101 Firefox/19.0"
108.240.134.190 - - [25/Mar/2013:22:32:43 +0000] "GET /i/btn_rating.png HTTP/1.1" 304 186 "http://ec2-54-244-200-56.us-west-2.compute.amazonaws.com/css/main.css" "Mozilla/5.0 (Macintosh; Intel Mac OS X 10.8; rv:19.0) Gecko/20100101 Firefox/19.0"
108.240.134.190 - - [25/Mar/2013:22:32:43 +0000] "GET /i/btn_popular.png HTTP/1.1" 304 186 "http://ec2-54-244-200-56.us-west-2.compute.amazonaws.com/css/main.css" "Mozilla/5.0 (Macintosh; Intel Mac OS X 10.8; rv:19.0) Gecko/20100101 Firefox/19.0"
108.240.134.190 - - [25/Mar/2013:22:32:43 +0000] "GET /i/search_bg.png HTTP/1.1" 304 187 "http://ec2-54-244-200-56.us-west-2.compute.amazonaws.com/css/main.css" "Mozilla/5.0 (Macintosh; Intel Mac OS X 10.8; rv:19.0) Gecko/20100101 Firefox/19.0"
108.240.134.190 - - [25/Mar/2013:22:32:43 +0000] "GET /i/btn_get_app.png HTTP/1.1" 304 188 "http://ec2-54-244-200-56.us-west-2.compute.amazonaws.com/css/main.css" "Mozilla/5.0 (Macintosh; Intel Mac OS X 10.8; rv:19.0) Gecko/20100101 Firefox/19.0"
108.240.134.190 - - [25/Mar/2013:22:32:43 +0000] "POST /services.php HTTP/1.1" 200 292 "http://ec2-54-244-200-56.us-west-2.compute.amazonaws.com/" "Mozilla/5.0 (Macintosh; Intel Mac OS X 10.8; rv:19.0) Gecko/20100101 Firefox/19.0"
108.240.134.190 - - [25/Mar/2013:22:32:44 +0000] "GET /index_beerFrame.html HTTP/1.1" 200 516 "http://ec2-54-244-200-56.us-west-2.compute.amazonaws.com/" "Mozilla/5.0 (Macintosh; Intel Mac OS X 10.8; rv:19.0) Gecko/20100101 Firefox/19.0"
127.0.0.1 - - [25/Mar/2013:22:32:50 +0000] "OPTIONS * HTTP/1.0" 200 126 "-" "Apache/2.2.22 (Ubuntu) (internal dummy connection)"
108.240.134.190 - - [25/Mar/2013:22:32:59 +0000] "POST /services.php HTTP/1.1" 200 292 "http://ec2-54-244-200-56.us-west-2.compute.amazonaws.com/" "Mozilla/5.0 (Macintosh; Intel Mac OS X 10.8; rv:19.0) Gecko/20100101 Firefox/19.0"
108.240.134.190 - - [25/Mar/2013:22:33:02 +0000] "POST /services.php HTTP/1.1" 200 291 "http://ec2-54-244-200-56.us-west-2.compute.amazonaws.com/" "Mozilla/5.0 (Macintosh; Intel Mac OS X 10.8; rv:19.0) Gecko/20100101 Firefox/19.0"
108.240.134.190 - - [25/Mar/2013:22:33:07 +0000] "POST /services.php HTTP/1.1" 200 291 "http://ec2-54-244-200-56.us-west-2.compute.amazonaws.com/" "Mozilla/5.0 (Macintosh; Intel Mac OS X 10.8; rv:19.0) Gecko/20100101 Firefox/19.0"
108.240.134.190 - - [25/Mar/2013:22:33:11 +0000] "POST /services.php HTTP/1.1" 200 291 "http://ec2-54-244-200-56.us-west-2.compute.amazonaws.com/" "Mozilla/5.0 (Macintosh; Intel Mac OS X 10.8; rv:19.0) Gecko/20100101 Firefox/19.0"
108.240.134.190 - - [25/Mar/2013:22:33:12 +0000] "POST /services.php HTTP/1.1" 200 291 "http://ec2-54-244-200-56.us-west-2.compute.amazonaws.com/" "Mozilla/5.0 (Macintosh; Intel Mac OS X 10.8; rv:19.0) Gecko/20100101 Firefox/19.0"
108.240.134.190 - - [25/Mar/2013:22:33:15 +0000] "POST /services.php HTTP/1.1" 200 291 "http://ec2-54-244-200-56.us-west-2.compute.amazonaws.com/" "Mozilla/5.0 (Macintosh; Intel Mac OS X 10.8; rv:19.0) Gecko/20100101 Firefox/19.0"
108.240.134.190 - - [25/Mar/2013:22:33:32 +0000] "POST /services.php HTTP/1.1" 200 292 "http://ec2-54-244-200-56.us-west-2.compute.amazonaws.com/" "Mozilla/5.0 (Macintosh; Intel Mac OS X 10.8; rv:19.0) Gecko/20100101 Firefox/19.0"
108.240.134.190 - - [25/Mar/2013:22:33:32 +0000] "POST /services.php HTTP/1.1" 200 291 "http://ec2-54-244-200-56.us-west-2.compute.amazonaws.com/" "Mozilla/5.0 (Macintosh; Intel Mac OS X 10.8; rv:19.0) Gecko/20100101 Firefox/19.0"
108.240.134.190 - - [25/Mar/2013:22:33:32 +0000] "POST /services.php HTTP/1.1" 200 291 "http://ec2-54-244-200-56.us-west-2.compute.amazonaws.com/" "Mozilla/5.0 (Macintosh; Intel Mac OS X 10.8; rv:19.0) Gecko/20100101 Firefox/19.0"
108.240.134.190 - - [25/Mar/2013:22:33:33 +0000] "POST /services.php HTTP/1.1" 200 291 "http://ec2-54-244-200-56.us-west-2.compute.amazonaws.com/" "Mozilla/5.0 (Macintosh; Intel Mac OS X 10.8; rv:19.0) Gecko/20100101 Firefox/19.0"
108.240.134.190 - - [25/Mar/2013:22:33:34 +0000] "POST /services.php HTTP/1.1" 200 291 "http://ec2-54-244-200-56.us-west-2.compute.amazonaws.com/" "Mozilla/5.0 (Macintosh; Intel Mac OS X 10.8; rv:19.0) Gecko/20100101 Firefox/19.0"
108.240.134.190 - - [25/Mar/2013:22:33:34 +0000] "POST /services.php HTTP/1.1" 200 291 "http://ec2-54-244-200-56.us-west-2.compute.amazonaws.com/" "Mozilla/5.0 (Macintosh; Intel Mac OS X 10.8; rv:19.0) Gecko/20100101 Firefox/19.0"
108.240.134.190 - - [25/Mar/2013:22:33:37 +0000] "POST /services.php HTTP/1.1" 200 291 "http://ec2-54-244-200-56.us-west-2.compute.amazonaws.com/" "Mozilla/5.0 (Macintosh; Intel Mac OS X 10.8; rv:19.0) Gecko/20100101 Firefox/19.0"
108.240.134.190 - - [25/Mar/2013:22:34:06 +0000] "POST /services.php HTTP/1.1" 200 292 "http://ec2-54-244-200-56.us-west-2.compute.amazonaws.com/" "Mozilla/5.0 (Macintosh; Intel Mac OS X 10.8; rv:19.0) Gecko/20100101 Firefox/19.0"
108.240.134.190 - - [25/Mar/2013:22:34:36 +0000] "POST /services.php HTTP/1.1" 200 292 "http://ec2-54-244-200-56.us-west-2.compute.amazonaws.com/" "Mozilla/5.0 (Macintosh; Intel Mac OS X 10.8; rv:19.0) Gecko/20100101 Firefox/19.0"
108.240.134.190 - - [25/Mar/2013:22:34:37 +0000] "POST /services.php HTTP/1.1" 200 291 "http://ec2-54-244-200-56.us-west-2.compute.amazonaws.com/" "Mozilla/5.0 (Macintosh; Intel Mac OS X 10.8; rv:19.0) Gecko/20100101 Firefox/19.0"
108.240.134.190 - - [25/Mar/2013:22:34:38 +0000] "POST /services.php HTTP/1.1" 200 291 "http://ec2-54-244-200-56.us-west-2.compute.amazonaws.com/" "Mozilla/5.0 (Macintosh; Intel Mac OS X 10.8; rv:19.0) Gecko/20100101 Firefox/19.0"
142.129.235.140 - - [25/Mar/2013:22:38:33 +0000] "GET / HTTP/1.1" 200 2009 "-" "Mozilla/5.0 (Windows NT 6.1; WOW64) AppleWebKit/537.22 (KHTML, like Gecko) Chrome/25.0.1364.172 Safari/537.22"
142.129.235.140 - - [25/Mar/2013:22:38:34 +0000] "GET /js/main.js HTTP/1.1" 200 2734 "http://ec2-54-244-200-56.us-west-2.compute.amazonaws.com/" "Mozilla/5.0 (Windows NT 6.1; WOW64) AppleWebKit/537.22 (KHTML, like Gecko) Chrome/25.0.1364.172 Safari/537.22"
142.129.235.140 - - [25/Mar/2013:22:38:34 +0000] "GET /css/main.css HTTP/1.1" 200 2279 "http://ec2-54-244-200-56.us-west-2.compute.amazonaws.com/" "Mozilla/5.0 (Windows NT 6.1; WOW64) AppleWebKit/537.22 (KHTML, like Gecko) Chrome/25.0.1364.172 Safari/537.22"
142.129.235.140 - - [25/Mar/2013:22:38:34 +0000] "GET /js/raphael.js HTTP/1.1" 200 31699 "http://ec2-54-244-200-56.us-west-2.compute.amazonaws.com/" "Mozilla/5.0 (Windows NT 6.1; WOW64) AppleWebKit/537.22 (KHTML, like Gecko) Chrome/25.0.1364.172 Safari/537.22"
142.129.235.140 - - [25/Mar/2013:22:38:37 +0000] "GET /i/top_bar.png HTTP/1.1" 200 1347 "http://ec2-54-244-200-56.us-west-2.compute.amazonaws.com/" "Mozilla/5.0 (Windows NT 6.1; WOW64) AppleWebKit/537.22 (KHTML, like Gecko) Chrome/25.0.1364.172 Safari/537.22"
142.129.235.140 - - [25/Mar/2013:22:38:37 +0000] "POST /services.php HTTP/1.1" 200 291 "http://ec2-54-244-200-56.us-west-2.compute.amazonaws.com/" "Mozilla/5.0 (Windows NT 6.1; WOW64) AppleWebKit/537.22 (KHTML, like Gecko) Chrome/25.0.1364.172 Safari/537.22"
142.129.235.140 - - [25/Mar/2013:22:38:38 +0000] "GET /i/wall_of_beer_logo_s.png HTTP/1.1" 200 4579 "http://ec2-54-244-200-56.us-west-2.compute.amazonaws.com/" "Mozilla/5.0 (Windows NT 6.1; WOW64) AppleWebKit/537.22 (KHTML, like Gecko) Chrome/25.0.1364.172 Safari/537.22"
142.129.235.140 - - [25/Mar/2013:22:38:38 +0000] "GET /i/btn_rating.png HTTP/1.1" 200 3254 "http://ec2-54-244-200-56.us-west-2.compute.amazonaws.com/" "Mozilla/5.0 (Windows NT 6.1; WOW64) AppleWebKit/537.22 (KHTML, like Gecko) Chrome/25.0.1364.172 Safari/537.22"
142.129.235.140 - - [25/Mar/2013:22:38:38 +0000] "GET /i/btn_popular.png HTTP/1.1" 200 4089 "http://ec2-54-244-200-56.us-west-2.compute.amazonaws.com/" "Mozilla/5.0 (Windows NT 6.1; WOW64) AppleWebKit/537.22 (KHTML, like Gecko) Chrome/25.0.1364.172 Safari/537.22"
142.129.235.140 - - [25/Mar/2013:22:38:38 +0000] "GET /i/btn_recent.png HTTP/1.1" 200 3779 "http://ec2-54-244-200-56.us-west-2.compute.amazonaws.com/" "Mozilla/5.0 (Windows NT 6.1; WOW64) AppleWebKit/537.22 (KHTML, like Gecko) Chrome/25.0.1364.172 Safari/537.22"
142.129.235.140 - - [25/Mar/2013:22:38:38 +0000] "GET /i/search_bg.png HTTP/1.1" 200 1991 "http://ec2-54-244-200-56.us-west-2.compute.amazonaws.com/" "Mozilla/5.0 (Windows NT 6.1; WOW64) AppleWebKit/537.22 (KHTML, like Gecko) Chrome/25.0.1364.172 Safari/537.22"
142.129.235.140 - - [25/Mar/2013:22:38:39 +0000] "GET /index_beerFrame.html HTTP/1.1" 200 516 "http://ec2-54-244-200-56.us-west-2.compute.amazonaws.com/" "Mozilla/5.0 (Windows NT 6.1; WOW64) AppleWebKit/537.22 (KHTML, like Gecko) Chrome/25.0.1364.172 Safari/537.22"
142.129.235.140 - - [25/Mar/2013:22:38:39 +0000] "GET /i/btn_get_app.png HTTP/1.1" 200 5095 "http://ec2-54-244-200-56.us-west-2.compute.amazonaws.com/" "Mozilla/5.0 (Windows NT 6.1; WOW64) AppleWebKit/537.22 (KHTML, like Gecko) Chrome/25.0.1364.172 Safari/537.22"
142.129.235.140 - - [25/Mar/2013:22:38:39 +0000] "GET /i/texture_paper.jpg HTTP/1.1" 200 12518 "http://ec2-54-244-200-56.us-west-2.compute.amazonaws.com/" "Mozilla/5.0 (Windows NT 6.1; WOW64) AppleWebKit/537.22 (KHTML, like Gecko) Chrome/25.0.1364.172 Safari/537.22"
142.129.235.140 - - [25/Mar/2013:22:38:37 +0000] "GET /i/bg.jpg HTTP/1.1" 200 139207 "http://ec2-54-244-200-56.us-west-2.compute.amazonaws.com/" "Mozilla/5.0 (Windows NT 6.1; WOW64) AppleWebKit/537.22 (KHTML, like Gecko) Chrome/25.0.1364.172 Safari/537.22"
142.129.235.140 - - [25/Mar/2013:22:38:43 +0000] "GET /favicon.ico HTTP/1.1" 404 527 "-" "Mozilla/5.0 (Windows NT 6.1; WOW64) AppleWebKit/537.22 (KHTML, like Gecko) Chrome/25.0.1364.172 Safari/537.22"
127.0.0.1 - - [25/Mar/2013:22:38:50 +0000] "OPTIONS * HTTP/1.0" 200 126 "-" "Apache/2.2.22 (Ubuntu) (internal dummy connection)"
108.240.134.190 - - [25/Mar/2013:22:50:22 +0000] "GET / HTTP/1.1" 304 211 "-" "Mozilla/5.0 (Macintosh; Intel Mac OS X 10.8; rv:19.0) Gecko/20100101 Firefox/19.0"
108.240.134.190 - - [25/Mar/2013:22:50:23 +0000] "GET /js/raphael.js HTTP/1.1" 304 211 "http://ec2-54-244-200-56.us-west-2.compute.amazonaws.com/" "Mozilla/5.0 (Macintosh; Intel Mac OS X 10.8; rv:19.0) Gecko/20100101 Firefox/19.0"
108.240.134.190 - - [25/Mar/2013:22:50:23 +0000] "GET /js/main.js HTTP/1.1" 304 210 "http://ec2-54-244-200-56.us-west-2.compute.amazonaws.com/" "Mozilla/5.0 (Macintosh; Intel Mac OS X 10.8; rv:19.0) Gecko/20100101 Firefox/19.0"
108.240.134.190 - - [25/Mar/2013:22:50:23 +0000] "GET /css/main.css HTTP/1.1" 304 211 "http://ec2-54-244-200-56.us-west-2.compute.amazonaws.com/" "Mozilla/5.0 (Macintosh; Intel Mac OS X 10.8; rv:19.0) Gecko/20100101 Firefox/19.0"
108.240.134.190 - - [25/Mar/2013:22:50:23 +0000] "GET /i/bg.jpg HTTP/1.1" 304 189 "http://ec2-54-244-200-56.us-west-2.compute.amazonaws.com/css/main.css" "Mozilla/5.0 (Macintosh; Intel Mac OS X 10.8; rv:19.0) Gecko/20100101 Firefox/19.0"
108.240.134.190 - - [25/Mar/2013:22:50:23 +0000] "GET /i/top_bar.png HTTP/1.1" 304 186 "http://ec2-54-244-200-56.us-west-2.compute.amazonaws.com/css/main.css" "Mozilla/5.0 (Macintosh; Intel Mac OS X 10.8; rv:19.0) Gecko/20100101 Firefox/19.0"
108.240.134.190 - - [25/Mar/2013:22:50:23 +0000] "GET /i/wall_of_beer_logo_s.png HTTP/1.1" 304 187 "http://ec2-54-244-200-56.us-west-2.compute.amazonaws.com/css/main.css" "Mozilla/5.0 (Macintosh; Intel Mac OS X 10.8; rv:19.0) Gecko/20100101 Firefox/19.0"
108.240.134.190 - - [25/Mar/2013:22:50:23 +0000] "GET /i/btn_recent.png HTTP/1.1" 304 186 "http://ec2-54-244-200-56.us-west-2.compute.amazonaws.com/css/main.css" "Mozilla/5.0 (Macintosh; Intel Mac OS X 10.8; rv:19.0) Gecko/20100101 Firefox/19.0"
108.240.134.190 - - [25/Mar/2013:22:50:23 +0000] "GET /i/btn_rating.png HTTP/1.1" 304 186 "http://ec2-54-244-200-56.us-west-2.compute.amazonaws.com/css/main.css" "Mozilla/5.0 (Macintosh; Intel Mac OS X 10.8; rv:19.0) Gecko/20100101 Firefox/19.0"
108.240.134.190 - - [25/Mar/2013:22:50:23 +0000] "GET /i/btn_popular.png HTTP/1.1" 304 186 "http://ec2-54-244-200-56.us-west-2.compute.amazonaws.com/css/main.css" "Mozilla/5.0 (Macintosh; Intel Mac OS X 10.8; rv:19.0) Gecko/20100101 Firefox/19.0"
108.240.134.190 - - [25/Mar/2013:22:50:23 +0000] "GET /i/search_bg.png HTTP/1.1" 304 187 "http://ec2-54-244-200-56.us-west-2.compute.amazonaws.com/css/main.css" "Mozilla/5.0 (Macintosh; Intel Mac OS X 10.8; rv:19.0) Gecko/20100101 Firefox/19.0"
108.240.134.190 - - [25/Mar/2013:22:50:23 +0000] "GET /i/btn_get_app.png HTTP/1.1" 304 188 "http://ec2-54-244-200-56.us-west-2.compute.amazonaws.com/css/main.css" "Mozilla/5.0 (Macintosh; Intel Mac OS X 10.8; rv:19.0) Gecko/20100101 Firefox/19.0"
108.240.134.190 - - [25/Mar/2013:22:50:24 +0000] "POST /services.php HTTP/1.1" 200 292 "http://ec2-54-244-200-56.us-west-2.compute.amazonaws.com/" "Mozilla/5.0 (Macintosh; Intel Mac OS X 10.8; rv:19.0) Gecko/20100101 Firefox/19.0"
108.240.134.190 - - [25/Mar/2013:22:50:24 +0000] "GET /index_beerFrame.html HTTP/1.1" 304 209 "http://ec2-54-244-200-56.us-west-2.compute.amazonaws.com/" "Mozilla/5.0 (Macintosh; Intel Mac OS X 10.8; rv:19.0) Gecko/20100101 Firefox/19.0"
108.240.134.190 - - [25/Mar/2013:22:50:26 +0000] "POST /services.php HTTP/1.1" 200 291 "http://ec2-54-244-200-56.us-west-2.compute.amazonaws.com/" "Mozilla/5.0 (Macintosh; Intel Mac OS X 10.8; rv:19.0) Gecko/20100101 Firefox/19.0"
127.0.0.1 - - [25/Mar/2013:22:50:32 +0000] "OPTIONS * HTTP/1.0" 200 126 "-" "Apache/2.2.22 (Ubuntu) (internal dummy connection)"
108.240.134.190 - - [25/Mar/2013:22:52:01 +0000] "GET / HTTP/1.1" 304 211 "-" "Mozilla/5.0 (Macintosh; Intel Mac OS X 10.8; rv:19.0) Gecko/20100101 Firefox/19.0"
108.240.134.190 - - [25/Mar/2013:22:52:01 +0000] "GET /js/raphael.js HTTP/1.1" 304 211 "http://ec2-54-244-200-56.us-west-2.compute.amazonaws.com/" "Mozilla/5.0 (Macintosh; Intel Mac OS X 10.8; rv:19.0) Gecko/20100101 Firefox/19.0"
108.240.134.190 - - [25/Mar/2013:22:52:01 +0000] "GET /js/main.js HTTP/1.1" 304 210 "http://ec2-54-244-200-56.us-west-2.compute.amazonaws.com/" "Mozilla/5.0 (Macintosh; Intel Mac OS X 10.8; rv:19.0) Gecko/20100101 Firefox/19.0"
108.240.134.190 - - [25/Mar/2013:22:52:01 +0000] "GET /css/main.css HTTP/1.1" 304 210 "http://ec2-54-244-200-56.us-west-2.compute.amazonaws.com/" "Mozilla/5.0 (Macintosh; Intel Mac OS X 10.8; rv:19.0) Gecko/20100101 Firefox/19.0"
108.240.134.190 - - [25/Mar/2013:22:52:02 +0000] "GET /i/bg.jpg HTTP/1.1" 304 188 "http://ec2-54-244-200-56.us-west-2.compute.amazonaws.com/css/main.css" "Mozilla/5.0 (Macintosh; Intel Mac OS X 10.8; rv:19.0) Gecko/20100101 Firefox/19.0"
108.240.134.190 - - [25/Mar/2013:22:52:02 +0000] "GET /i/top_bar.png HTTP/1.1" 304 187 "http://ec2-54-244-200-56.us-west-2.compute.amazonaws.com/css/main.css" "Mozilla/5.0 (Macintosh; Intel Mac OS X 10.8; rv:19.0) Gecko/20100101 Firefox/19.0"
108.240.134.190 - - [25/Mar/2013:22:52:02 +0000] "GET /i/wall_of_beer_logo_s.png HTTP/1.1" 304 188 "http://ec2-54-244-200-56.us-west-2.compute.amazonaws.com/css/main.css" "Mozilla/5.0 (Macintosh; Intel Mac OS X 10.8; rv:19.0) Gecko/20100101 Firefox/19.0"
108.240.134.190 - - [25/Mar/2013:22:52:02 +0000] "GET /i/btn_recent.png HTTP/1.1" 304 186 "http://ec2-54-244-200-56.us-west-2.compute.amazonaws.com/css/main.css" "Mozilla/5.0 (Macintosh; Intel Mac OS X 10.8; rv:19.0) Gecko/20100101 Firefox/19.0"
108.240.134.190 - - [25/Mar/2013:22:52:02 +0000] "GET /i/btn_rating.png HTTP/1.1" 304 186 "http://ec2-54-244-200-56.us-west-2.compute.amazonaws.com/css/main.css" "Mozilla/5.0 (Macintosh; Intel Mac OS X 10.8; rv:19.0) Gecko/20100101 Firefox/19.0"
108.240.134.190 - - [25/Mar/2013:22:52:02 +0000] "GET /i/btn_popular.png HTTP/1.1" 304 186 "http://ec2-54-244-200-56.us-west-2.compute.amazonaws.com/css/main.css" "Mozilla/5.0 (Macintosh; Intel Mac OS X 10.8; rv:19.0) Gecko/20100101 Firefox/19.0"
108.240.134.190 - - [25/Mar/2013:22:52:02 +0000] "GET /i/search_bg.png HTTP/1.1" 304 187 "http://ec2-54-244-200-56.us-west-2.compute.amazonaws.com/css/main.css" "Mozilla/5.0 (Macintosh; Intel Mac OS X 10.8; rv:19.0) Gecko/20100101 Firefox/19.0"
108.240.134.190 - - [25/Mar/2013:22:52:02 +0000] "GET /i/btn_get_app.png HTTP/1.1" 304 188 "http://ec2-54-244-200-56.us-west-2.compute.amazonaws.com/css/main.css" "Mozilla/5.0 (Macintosh; Intel Mac OS X 10.8; rv:19.0) Gecko/20100101 Firefox/19.0"
108.240.134.190 - - [25/Mar/2013:22:52:02 +0000] "POST /services.php HTTP/1.1" 200 297 "http://ec2-54-244-200-56.us-west-2.compute.amazonaws.com/" "Mozilla/5.0 (Macintosh; Intel Mac OS X 10.8; rv:19.0) Gecko/20100101 Firefox/19.0"
108.240.134.190 - - [25/Mar/2013:22:52:03 +0000] "GET /index_beerFrame.html HTTP/1.1" 304 209 "http://ec2-54-244-200-56.us-west-2.compute.amazonaws.com/" "Mozilla/5.0 (Macintosh; Intel Mac OS X 10.8; rv:19.0) Gecko/20100101 Firefox/19.0"
108.240.134.190 - - [25/Mar/2013:22:59:39 +0000] "GET / HTTP/1.1" 304 211 "-" "Mozilla/5.0 (Macintosh; Intel Mac OS X 10.8; rv:19.0) Gecko/20100101 Firefox/19.0"
108.240.134.190 - - [25/Mar/2013:22:59:40 +0000] "GET /js/raphael.js HTTP/1.1" 304 211 "http://ec2-54-244-200-56.us-west-2.compute.amazonaws.com/" "Mozilla/5.0 (Macintosh; Intel Mac OS X 10.8; rv:19.0) Gecko/20100101 Firefox/19.0"
108.240.134.190 - - [25/Mar/2013:22:59:40 +0000] "GET /js/main.js HTTP/1.1" 304 211 "http://ec2-54-244-200-56.us-west-2.compute.amazonaws.com/" "Mozilla/5.0 (Macintosh; Intel Mac OS X 10.8; rv:19.0) Gecko/20100101 Firefox/19.0"
108.240.134.190 - - [25/Mar/2013:22:59:40 +0000] "GET /css/main.css HTTP/1.1" 304 210 "http://ec2-54-244-200-56.us-west-2.compute.amazonaws.com/" "Mozilla/5.0 (Macintosh; Intel Mac OS X 10.8; rv:19.0) Gecko/20100101 Firefox/19.0"
108.240.134.190 - - [25/Mar/2013:22:59:41 +0000] "GET /i/bg.jpg HTTP/1.1" 304 189 "http://ec2-54-244-200-56.us-west-2.compute.amazonaws.com/css/main.css" "Mozilla/5.0 (Macintosh; Intel Mac OS X 10.8; rv:19.0) Gecko/20100101 Firefox/19.0"
108.240.134.190 - - [25/Mar/2013:22:59:41 +0000] "GET /i/top_bar.png HTTP/1.1" 304 186 "http://ec2-54-244-200-56.us-west-2.compute.amazonaws.com/css/main.css" "Mozilla/5.0 (Macintosh; Intel Mac OS X 10.8; rv:19.0) Gecko/20100101 Firefox/19.0"
108.240.134.190 - - [25/Mar/2013:22:59:41 +0000] "GET /i/wall_of_beer_logo_s.png HTTP/1.1" 304 187 "http://ec2-54-244-200-56.us-west-2.compute.amazonaws.com/css/main.css" "Mozilla/5.0 (Macintosh; Intel Mac OS X 10.8; rv:19.0) Gecko/20100101 Firefox/19.0"
108.240.134.190 - - [25/Mar/2013:22:59:41 +0000] "GET /i/btn_recent.png HTTP/1.1" 304 186 "http://ec2-54-244-200-56.us-west-2.compute.amazonaws.com/css/main.css" "Mozilla/5.0 (Macintosh; Intel Mac OS X 10.8; rv:19.0) Gecko/20100101 Firefox/19.0"
108.240.134.190 - - [25/Mar/2013:22:59:41 +0000] "GET /i/btn_rating.png HTTP/1.1" 304 186 "http://ec2-54-244-200-56.us-west-2.compute.amazonaws.com/css/main.css" "Mozilla/5.0 (Macintosh; Intel Mac OS X 10.8; rv:19.0) Gecko/20100101 Firefox/19.0"
108.240.134.190 - - [25/Mar/2013:22:59:41 +0000] "GET /i/btn_popular.png HTTP/1.1" 304 186 "http://ec2-54-244-200-56.us-west-2.compute.amazonaws.com/css/main.css" "Mozilla/5.0 (Macintosh; Intel Mac OS X 10.8; rv:19.0) Gecko/20100101 Firefox/19.0"
108.240.134.190 - - [25/Mar/2013:22:59:41 +0000] "GET /i/search_bg.png HTTP/1.1" 304 187 "http://ec2-54-244-200-56.us-west-2.compute.amazonaws.com/css/main.css" "Mozilla/5.0 (Macintosh; Intel Mac OS X 10.8; rv:19.0) Gecko/20100101 Firefox/19.0"
108.240.134.190 - - [25/Mar/2013:22:59:41 +0000] "GET /i/btn_get_app.png HTTP/1.1" 304 188 "http://ec2-54-244-200-56.us-west-2.compute.amazonaws.com/css/main.css" "Mozilla/5.0 (Macintosh; Intel Mac OS X 10.8; rv:19.0) Gecko/20100101 Firefox/19.0"
108.240.134.190 - - [25/Mar/2013:22:59:41 +0000] "POST /services.php HTTP/1.1" 200 298 "http://ec2-54-244-200-56.us-west-2.compute.amazonaws.com/" "Mozilla/5.0 (Macintosh; Intel Mac OS X 10.8; rv:19.0) Gecko/20100101 Firefox/19.0"
108.240.134.190 - - [25/Mar/2013:22:59:41 +0000] "GET /index_beerFrame.html HTTP/1.1" 304 209 "http://ec2-54-244-200-56.us-west-2.compute.amazonaws.com/" "Mozilla/5.0 (Macintosh; Intel Mac OS X 10.8; rv:19.0) Gecko/20100101 Firefox/19.0"
127.0.0.1 - - [25/Mar/2013:22:59:47 +0000] "OPTIONS * HTTP/1.0" 200 126 "-" "Apache/2.2.22 (Ubuntu) (internal dummy connection)"
108.240.134.190 - - [25/Mar/2013:23:01:16 +0000] "GET / HTTP/1.1" 304 211 "-" "Mozilla/5.0 (Macintosh; Intel Mac OS X 10.8; rv:19.0) Gecko/20100101 Firefox/19.0"
108.240.134.190 - - [25/Mar/2013:23:01:16 +0000] "GET /js/raphael.js HTTP/1.1" 304 211 "http://ec2-54-244-200-56.us-west-2.compute.amazonaws.com/" "Mozilla/5.0 (Macintosh; Intel Mac OS X 10.8; rv:19.0) Gecko/20100101 Firefox/19.0"
108.240.134.190 - - [25/Mar/2013:23:01:16 +0000] "GET /js/main.js HTTP/1.1" 304 210 "http://ec2-54-244-200-56.us-west-2.compute.amazonaws.com/" "Mozilla/5.0 (Macintosh; Intel Mac OS X 10.8; rv:19.0) Gecko/20100101 Firefox/19.0"
108.240.134.190 - - [25/Mar/2013:23:01:16 +0000] "GET /css/main.css HTTP/1.1" 304 211 "http://ec2-54-244-200-56.us-west-2.compute.amazonaws.com/" "Mozilla/5.0 (Macintosh; Intel Mac OS X 10.8; rv:19.0) Gecko/20100101 Firefox/19.0"
108.240.134.190 - - [25/Mar/2013:23:01:17 +0000] "GET /i/bg.jpg HTTP/1.1" 304 189 "http://ec2-54-244-200-56.us-west-2.compute.amazonaws.com/css/main.css" "Mozilla/5.0 (Macintosh; Intel Mac OS X 10.8; rv:19.0) Gecko/20100101 Firefox/19.0"
108.240.134.190 - - [25/Mar/2013:23:01:17 +0000] "GET /i/top_bar.png HTTP/1.1" 304 186 "http://ec2-54-244-200-56.us-west-2.compute.amazonaws.com/css/main.css" "Mozilla/5.0 (Macintosh; Intel Mac OS X 10.8; rv:19.0) Gecko/20100101 Firefox/19.0"
108.240.134.190 - - [25/Mar/2013:23:01:17 +0000] "GET /i/wall_of_beer_logo_s.png HTTP/1.1" 304 187 "http://ec2-54-244-200-56.us-west-2.compute.amazonaws.com/css/main.css" "Mozilla/5.0 (Macintosh; Intel Mac OS X 10.8; rv:19.0) Gecko/20100101 Firefox/19.0"
108.240.134.190 - - [25/Mar/2013:23:01:17 +0000] "GET /i/btn_recent.png HTTP/1.1" 304 186 "http://ec2-54-244-200-56.us-west-2.compute.amazonaws.com/css/main.css" "Mozilla/5.0 (Macintosh; Intel Mac OS X 10.8; rv:19.0) Gecko/20100101 Firefox/19.0"
108.240.134.190 - - [25/Mar/2013:23:01:17 +0000] "GET /i/btn_rating.png HTTP/1.1" 304 186 "http://ec2-54-244-200-56.us-west-2.compute.amazonaws.com/css/main.css" "Mozilla/5.0 (Macintosh; Intel Mac OS X 10.8; rv:19.0) Gecko/20100101 Firefox/19.0"
108.240.134.190 - - [25/Mar/2013:23:01:17 +0000] "GET /i/btn_popular.png HTTP/1.1" 304 186 "http://ec2-54-244-200-56.us-west-2.compute.amazonaws.com/css/main.css" "Mozilla/5.0 (Macintosh; Intel Mac OS X 10.8; rv:19.0) Gecko/20100101 Firefox/19.0"
108.240.134.190 - - [25/Mar/2013:23:01:17 +0000] "GET /i/search_bg.png HTTP/1.1" 304 187 "http://ec2-54-244-200-56.us-west-2.compute.amazonaws.com/css/main.css" "Mozilla/5.0 (Macintosh; Intel Mac OS X 10.8; rv:19.0) Gecko/20100101 Firefox/19.0"
108.240.134.190 - - [25/Mar/2013:23:01:17 +0000] "GET /i/btn_get_app.png HTTP/1.1" 304 188 "http://ec2-54-244-200-56.us-west-2.compute.amazonaws.com/css/main.css" "Mozilla/5.0 (Macintosh; Intel Mac OS X 10.8; rv:19.0) Gecko/20100101 Firefox/19.0"
108.240.134.190 - - [25/Mar/2013:23:01:18 +0000] "POST /services.php HTTP/1.1" 200 292 "http://ec2-54-244-200-56.us-west-2.compute.amazonaws.com/" "Mozilla/5.0 (Macintosh; Intel Mac OS X 10.8; rv:19.0) Gecko/20100101 Firefox/19.0"
108.240.134.190 - - [25/Mar/2013:23:01:18 +0000] "GET /index_beerFrame.html HTTP/1.1" 304 209 "http://ec2-54-244-200-56.us-west-2.compute.amazonaws.com/" "Mozilla/5.0 (Macintosh; Intel Mac OS X 10.8; rv:19.0) Gecko/20100101 Firefox/19.0"
127.0.0.1 - - [25/Mar/2013:23:01:24 +0000] "OPTIONS * HTTP/1.0" 200 126 "-" "Apache/2.2.22 (Ubuntu) (internal dummy connection)"
108.240.134.190 - - [25/Mar/2013:23:02:51 +0000] "GET / HTTP/1.1" 304 211 "-" "Mozilla/5.0 (Macintosh; Intel Mac OS X 10.8; rv:19.0) Gecko/20100101 Firefox/19.0"
108.240.134.190 - - [25/Mar/2013:23:02:52 +0000] "GET /js/raphael.js HTTP/1.1" 304 211 "http://ec2-54-244-200-56.us-west-2.compute.amazonaws.com/" "Mozilla/5.0 (Macintosh; Intel Mac OS X 10.8; rv:19.0) Gecko/20100101 Firefox/19.0"
108.240.134.190 - - [25/Mar/2013:23:02:52 +0000] "GET /js/main.js HTTP/1.1" 200 2735 "http://ec2-54-244-200-56.us-west-2.compute.amazonaws.com/" "Mozilla/5.0 (Macintosh; Intel Mac OS X 10.8; rv:19.0) Gecko/20100101 Firefox/19.0"
108.240.134.190 - - [25/Mar/2013:23:02:52 +0000] "GET /css/main.css HTTP/1.1" 304 211 "http://ec2-54-244-200-56.us-west-2.compute.amazonaws.com/" "Mozilla/5.0 (Macintosh; Intel Mac OS X 10.8; rv:19.0) Gecko/20100101 Firefox/19.0"
108.240.134.190 - - [25/Mar/2013:23:02:53 +0000] "GET /i/bg.jpg HTTP/1.1" 304 188 "http://ec2-54-244-200-56.us-west-2.compute.amazonaws.com/css/main.css" "Mozilla/5.0 (Macintosh; Intel Mac OS X 10.8; rv:19.0) Gecko/20100101 Firefox/19.0"
108.240.134.190 - - [25/Mar/2013:23:02:53 +0000] "GET /i/top_bar.png HTTP/1.1" 304 187 "http://ec2-54-244-200-56.us-west-2.compute.amazonaws.com/css/main.css" "Mozilla/5.0 (Macintosh; Intel Mac OS X 10.8; rv:19.0) Gecko/20100101 Firefox/19.0"
108.240.134.190 - - [25/Mar/2013:23:02:53 +0000] "GET /i/wall_of_beer_logo_s.png HTTP/1.1" 304 187 "http://ec2-54-244-200-56.us-west-2.compute.amazonaws.com/css/main.css" "Mozilla/5.0 (Macintosh; Intel Mac OS X 10.8; rv:19.0) Gecko/20100101 Firefox/19.0"
108.240.134.190 - - [25/Mar/2013:23:02:53 +0000] "GET /i/btn_recent.png HTTP/1.1" 304 186 "http://ec2-54-244-200-56.us-west-2.compute.amazonaws.com/css/main.css" "Mozilla/5.0 (Macintosh; Intel Mac OS X 10.8; rv:19.0) Gecko/20100101 Firefox/19.0"
108.240.134.190 - - [25/Mar/2013:23:02:53 +0000] "GET /i/btn_rating.png HTTP/1.1" 304 186 "http://ec2-54-244-200-56.us-west-2.compute.amazonaws.com/css/main.css" "Mozilla/5.0 (Macintosh; Intel Mac OS X 10.8; rv:19.0) Gecko/20100101 Firefox/19.0"
108.240.134.190 - - [25/Mar/2013:23:02:53 +0000] "GET /i/btn_popular.png HTTP/1.1" 304 186 "http://ec2-54-244-200-56.us-west-2.compute.amazonaws.com/css/main.css" "Mozilla/5.0 (Macintosh; Intel Mac OS X 10.8; rv:19.0) Gecko/20100101 Firefox/19.0"
108.240.134.190 - - [25/Mar/2013:23:02:53 +0000] "GET /i/search_bg.png HTTP/1.1" 304 187 "http://ec2-54-244-200-56.us-west-2.compute.amazonaws.com/css/main.css" "Mozilla/5.0 (Macintosh; Intel Mac OS X 10.8; rv:19.0) Gecko/20100101 Firefox/19.0"
108.240.134.190 - - [25/Mar/2013:23:02:53 +0000] "GET /i/btn_get_app.png HTTP/1.1" 304 188 "http://ec2-54-244-200-56.us-west-2.compute.amazonaws.com/css/main.css" "Mozilla/5.0 (Macintosh; Intel Mac OS X 10.8; rv:19.0) Gecko/20100101 Firefox/19.0"
108.240.134.190 - - [25/Mar/2013:23:02:53 +0000] "POST /services.php HTTP/1.1" 200 291 "http://ec2-54-244-200-56.us-west-2.compute.amazonaws.com/" "Mozilla/5.0 (Macintosh; Intel Mac OS X 10.8; rv:19.0) Gecko/20100101 Firefox/19.0"
108.240.134.190 - - [25/Mar/2013:23:02:54 +0000] "GET /index_beerFrame.html HTTP/1.1" 304 209 "http://ec2-54-244-200-56.us-west-2.compute.amazonaws.com/" "Mozilla/5.0 (Macintosh; Intel Mac OS X 10.8; rv:19.0) Gecko/20100101 Firefox/19.0"
127.0.0.1 - - [25/Mar/2013:23:03:00 +0000] "OPTIONS * HTTP/1.0" 200 126 "-" "Apache/2.2.22 (Ubuntu) (internal dummy connection)"
108.240.134.190 - - [25/Mar/2013:23:16:11 +0000] "GET / HTTP/1.1" 304 211 "-" "Mozilla/5.0 (Macintosh; Intel Mac OS X 10.8; rv:19.0) Gecko/20100101 Firefox/19.0"
108.240.134.190 - - [25/Mar/2013:23:16:11 +0000] "GET /js/raphael.js HTTP/1.1" 304 211 "http://ec2-54-244-200-56.us-west-2.compute.amazonaws.com/" "Mozilla/5.0 (Macintosh; Intel Mac OS X 10.8; rv:19.0) Gecko/20100101 Firefox/19.0"
108.240.134.190 - - [25/Mar/2013:23:16:11 +0000] "GET /css/main.css HTTP/1.1" 304 211 "http://ec2-54-244-200-56.us-west-2.compute.amazonaws.com/" "Mozilla/5.0 (Macintosh; Intel Mac OS X 10.8; rv:19.0) Gecko/20100101 Firefox/19.0"
108.240.134.190 - - [25/Mar/2013:23:16:11 +0000] "GET /js/main.js HTTP/1.1" 304 211 "http://ec2-54-244-200-56.us-west-2.compute.amazonaws.com/" "Mozilla/5.0 (Macintosh; Intel Mac OS X 10.8; rv:19.0) Gecko/20100101 Firefox/19.0"
108.240.134.190 - - [25/Mar/2013:23:16:12 +0000] "GET /i/bg.jpg HTTP/1.1" 304 188 "http://ec2-54-244-200-56.us-west-2.compute.amazonaws.com/css/main.css" "Mozilla/5.0 (Macintosh; Intel Mac OS X 10.8; rv:19.0) Gecko/20100101 Firefox/19.0"
108.240.134.190 - - [25/Mar/2013:23:16:12 +0000] "GET /i/top_bar.png HTTP/1.1" 304 186 "http://ec2-54-244-200-56.us-west-2.compute.amazonaws.com/css/main.css" "Mozilla/5.0 (Macintosh; Intel Mac OS X 10.8; rv:19.0) Gecko/20100101 Firefox/19.0"
108.240.134.190 - - [25/Mar/2013:23:16:12 +0000] "GET /i/wall_of_beer_logo_s.png HTTP/1.1" 304 187 "http://ec2-54-244-200-56.us-west-2.compute.amazonaws.com/css/main.css" "Mozilla/5.0 (Macintosh; Intel Mac OS X 10.8; rv:19.0) Gecko/20100101 Firefox/19.0"
108.240.134.190 - - [25/Mar/2013:23:16:12 +0000] "GET /i/btn_recent.png HTTP/1.1" 304 186 "http://ec2-54-244-200-56.us-west-2.compute.amazonaws.com/css/main.css" "Mozilla/5.0 (Macintosh; Intel Mac OS X 10.8; rv:19.0) Gecko/20100101 Firefox/19.0"
108.240.134.190 - - [25/Mar/2013:23:16:12 +0000] "GET /i/btn_rating.png HTTP/1.1" 304 186 "http://ec2-54-244-200-56.us-west-2.compute.amazonaws.com/css/main.css" "Mozilla/5.0 (Macintosh; Intel Mac OS X 10.8; rv:19.0) Gecko/20100101 Firefox/19.0"
108.240.134.190 - - [25/Mar/2013:23:16:12 +0000] "GET /i/btn_popular.png HTTP/1.1" 304 186 "http://ec2-54-244-200-56.us-west-2.compute.amazonaws.com/css/main.css" "Mozilla/5.0 (Macintosh; Intel Mac OS X 10.8; rv:19.0) Gecko/20100101 Firefox/19.0"
108.240.134.190 - - [25/Mar/2013:23:16:12 +0000] "GET /i/search_bg.png HTTP/1.1" 304 187 "http://ec2-54-244-200-56.us-west-2.compute.amazonaws.com/css/main.css" "Mozilla/5.0 (Macintosh; Intel Mac OS X 10.8; rv:19.0) Gecko/20100101 Firefox/19.0"
108.240.134.190 - - [25/Mar/2013:23:16:12 +0000] "GET /i/btn_get_app.png HTTP/1.1" 304 188 "http://ec2-54-244-200-56.us-west-2.compute.amazonaws.com/css/main.css" "Mozilla/5.0 (Macintosh; Intel Mac OS X 10.8; rv:19.0) Gecko/20100101 Firefox/19.0"
108.240.134.190 - - [25/Mar/2013:23:16:12 +0000] "POST /services.php HTTP/1.1" 200 292 "http://ec2-54-244-200-56.us-west-2.compute.amazonaws.com/" "Mozilla/5.0 (Macintosh; Intel Mac OS X 10.8; rv:19.0) Gecko/20100101 Firefox/19.0"
108.240.134.190 - - [25/Mar/2013:23:16:13 +0000] "GET /index_beerFrame.html HTTP/1.1" 304 209 "http://ec2-54-244-200-56.us-west-2.compute.amazonaws.com/" "Mozilla/5.0 (Macintosh; Intel Mac OS X 10.8; rv:19.0) Gecko/20100101 Firefox/19.0"
127.0.0.1 - - [25/Mar/2013:23:16:18 +0000] "OPTIONS * HTTP/1.0" 200 126 "-" "Apache/2.2.22 (Ubuntu) (internal dummy connection)"
108.240.134.190 - - [25/Mar/2013:23:17:39 +0000] "GET / HTTP/1.1" 304 211 "-" "Mozilla/5.0 (Macintosh; Intel Mac OS X 10.8; rv:19.0) Gecko/20100101 Firefox/19.0"
108.240.134.190 - - [25/Mar/2013:23:17:39 +0000] "GET /js/raphael.js HTTP/1.1" 304 211 "http://ec2-54-244-200-56.us-west-2.compute.amazonaws.com/" "Mozilla/5.0 (Macintosh; Intel Mac OS X 10.8; rv:19.0) Gecko/20100101 Firefox/19.0"
108.240.134.190 - - [25/Mar/2013:23:17:39 +0000] "GET /js/main.js HTTP/1.1" 304 210 "http://ec2-54-244-200-56.us-west-2.compute.amazonaws.com/" "Mozilla/5.0 (Macintosh; Intel Mac OS X 10.8; rv:19.0) Gecko/20100101 Firefox/19.0"
108.240.134.190 - - [25/Mar/2013:23:17:39 +0000] "GET /css/main.css HTTP/1.1" 304 211 "http://ec2-54-244-200-56.us-west-2.compute.amazonaws.com/" "Mozilla/5.0 (Macintosh; Intel Mac OS X 10.8; rv:19.0) Gecko/20100101 Firefox/19.0"
108.240.134.190 - - [25/Mar/2013:23:17:40 +0000] "GET /i/bg.jpg HTTP/1.1" 304 189 "http://ec2-54-244-200-56.us-west-2.compute.amazonaws.com/css/main.css" "Mozilla/5.0 (Macintosh; Intel Mac OS X 10.8; rv:19.0) Gecko/20100101 Firefox/19.0"
108.240.134.190 - - [25/Mar/2013:23:17:40 +0000] "GET /i/top_bar.png HTTP/1.1" 304 186 "http://ec2-54-244-200-56.us-west-2.compute.amazonaws.com/css/main.css" "Mozilla/5.0 (Macintosh; Intel Mac OS X 10.8; rv:19.0) Gecko/20100101 Firefox/19.0"
108.240.134.190 - - [25/Mar/2013:23:17:40 +0000] "GET /i/wall_of_beer_logo_s.png HTTP/1.1" 304 187 "http://ec2-54-244-200-56.us-west-2.compute.amazonaws.com/css/main.css" "Mozilla/5.0 (Macintosh; Intel Mac OS X 10.8; rv:19.0) Gecko/20100101 Firefox/19.0"
108.240.134.190 - - [25/Mar/2013:23:17:40 +0000] "GET /i/btn_recent.png HTTP/1.1" 304 186 "http://ec2-54-244-200-56.us-west-2.compute.amazonaws.com/css/main.css" "Mozilla/5.0 (Macintosh; Intel Mac OS X 10.8; rv:19.0) Gecko/20100101 Firefox/19.0"
108.240.134.190 - - [25/Mar/2013:23:17:40 +0000] "GET /i/btn_rating.png HTTP/1.1" 304 186 "http://ec2-54-244-200-56.us-west-2.compute.amazonaws.com/css/main.css" "Mozilla/5.0 (Macintosh; Intel Mac OS X 10.8; rv:19.0) Gecko/20100101 Firefox/19.0"
108.240.134.190 - - [25/Mar/2013:23:17:40 +0000] "GET /i/btn_popular.png HTTP/1.1" 304 187 "http://ec2-54-244-200-56.us-west-2.compute.amazonaws.com/css/main.css" "Mozilla/5.0 (Macintosh; Intel Mac OS X 10.8; rv:19.0) Gecko/20100101 Firefox/19.0"
108.240.134.190 - - [25/Mar/2013:23:17:40 +0000] "GET /i/search_bg.png HTTP/1.1" 304 186 "http://ec2-54-244-200-56.us-west-2.compute.amazonaws.com/css/main.css" "Mozilla/5.0 (Macintosh; Intel Mac OS X 10.8; rv:19.0) Gecko/20100101 Firefox/19.0"
108.240.134.190 - - [25/Mar/2013:23:17:40 +0000] "GET /i/btn_get_app.png HTTP/1.1" 304 188 "http://ec2-54-244-200-56.us-west-2.compute.amazonaws.com/css/main.css" "Mozilla/5.0 (Macintosh; Intel Mac OS X 10.8; rv:19.0) Gecko/20100101 Firefox/19.0"
108.240.134.190 - - [25/Mar/2013:23:17:40 +0000] "POST /services.php HTTP/1.1" 200 292 "http://ec2-54-244-200-56.us-west-2.compute.amazonaws.com/" "Mozilla/5.0 (Macintosh; Intel Mac OS X 10.8; rv:19.0) Gecko/20100101 Firefox/19.0"
108.240.134.190 - - [25/Mar/2013:23:17:41 +0000] "GET /index_beerFrame.html HTTP/1.1" 304 209 "http://ec2-54-244-200-56.us-west-2.compute.amazonaws.com/" "Mozilla/5.0 (Macintosh; Intel Mac OS X 10.8; rv:19.0) Gecko/20100101 Firefox/19.0"
127.0.0.1 - - [25/Mar/2013:23:17:47 +0000] "OPTIONS * HTTP/1.0" 200 126 "-" "Apache/2.2.22 (Ubuntu) (internal dummy connection)"
108.240.134.190 - - [25/Mar/2013:23:18:56 +0000] "GET / HTTP/1.1" 304 211 "-" "Mozilla/5.0 (Macintosh; Intel Mac OS X 10.8; rv:19.0) Gecko/20100101 Firefox/19.0"
108.240.134.190 - - [25/Mar/2013:23:18:56 +0000] "GET /js/raphael.js HTTP/1.1" 304 211 "http://ec2-54-244-200-56.us-west-2.compute.amazonaws.com/" "Mozilla/5.0 (Macintosh; Intel Mac OS X 10.8; rv:19.0) Gecko/20100101 Firefox/19.0"
108.240.134.190 - - [25/Mar/2013:23:18:56 +0000] "GET /js/main.js HTTP/1.1" 304 210 "http://ec2-54-244-200-56.us-west-2.compute.amazonaws.com/" "Mozilla/5.0 (Macintosh; Intel Mac OS X 10.8; rv:19.0) Gecko/20100101 Firefox/19.0"
108.240.134.190 - - [25/Mar/2013:23:18:56 +0000] "GET /css/main.css HTTP/1.1" 304 211 "http://ec2-54-244-200-56.us-west-2.compute.amazonaws.com/" "Mozilla/5.0 (Macintosh; Intel Mac OS X 10.8; rv:19.0) Gecko/20100101 Firefox/19.0"
